// Vitest Snapshot v1, https://vitest.dev/guide/snapshot.html

exports[`Sidebar Component > renders correctly 1`] = `
<div>
  <div
    id="sidebar"
    style="width: 10%; margin-top: 10%;"
  >
    <div
      aria-label="sidebar_link"
      class="mt-3 border border-primary  bg-primary  bg-opacity-75"
    >
      <div
        class="d-flex justify-content-start align-items-center "
      >
        <i
          class="bi bi-people text-white fs-2"
        />
        <a
          href="/workers"
        >
           
          <label
            class="fs-5 text-white"
            style="margin-left: 10px;"
          >
            workers
          </label>
        </a>
      </div>
    </div>
    <div
      aria-label="sidebar_link"
      class="mt-3 border border-success  bg-success  bg-opacity-75"
    >
      <div
        class="d-flex justify-content-start align-items-center "
      >
        <i
          class="bi bi-person-vcard text-white fs-2"
        />
        <a
          href="/clients"
        >
           
          <label
            class="fs-5 text-white"
            style="margin-left: 10px;"
          >
            clients
          </label>
        </a>
      </div>
    </div>
    <div
      aria-label="sidebar_link"
      class="mt-3 border border-secondary  bg-secondary  bg-opacity-75"
    >
      <div
        class="d-flex justify-content-start align-items-center "
      >
        <i
          class="bi bi-file-earmark-medical text-white fs-2"
        />
        <a
          href="/rosters"
        >
           
          <label
            class="fs-5 text-white"
            style="margin-left: 10px;"
          >
            rosters
          </label>
        </a>
      </div>
    </div>
    <div
      aria-label="sidebar_link"
      class="mt-3 border border-danger bg-danger bg-opacity-75"
    >
      <div
        class="d-flex justify-content-start align-items-center "
      >
        <i
          class="bi bi-microsoft-teams text-white fs-2"
        />
        <a
          href="/notes"
        >
           
          <label
            class="fs-5 text-white"
            style="margin-left: 10px;"
          >
            notes
          </label>
        </a>
      </div>
    </div>
  </div>
</div>
`;
